Calculating task graph as no cached configuration is available for tasks: :shared:spotlessApply
Type-safe project accessors is an incubating feature.

> Configure project :composeApp
w: [33m[1m⚠️ The 'org.jetbrains.kotlin.multiplatform' plugin deprecated compatibility with Android Gradle plugin: 'com.android.application'[0m[0m
The 'org.jetbrains.kotlin.multiplatform' plugin will not be compatible with 'com.android.application' starting with Android Gradle Plugin 9.0.0.

Please change the structure of the your project and move the usage of 'com.android.application' into a separate subproject. The new subproject should add a dependency on this KMP subproject.

Read more: https://kotl.in/kmp-project-structure-migration
[32m[1mSolution:[0m[0m
[32m[3mPlease change the structure of your project and move the usage of 'com.android.application' into a separate subproject.[0m[0m
[36mSee [0m[34mhttps://kotl.in/gradle/agp-new-kmp[0m[36m for more details.[0m


> Configure project :shared
w: [33m[1m⚠️ The 'org.jetbrains.kotlin.multiplatform' plugin deprecated compatibility with Android Gradle plugin: 'com.android.library'[0m[0m
The 'org.jetbrains.kotlin.multiplatform' plugin will not be compatible with 'com.android.library' starting with Android Gradle Plugin 9.0.0.
[32m[1mSolution:[0m[0m
[32m[3mPlease use the 'com.android.kotlin.multiplatform.library' plugin instead of 'com.android.library'.[0m[0m
[36mSee [0m[34mhttps://kotl.in/gradle/agp-new-kmp[0m[36m for more details.[0m


> Task :spotlessInternalRegisterDependencies UP-TO-DATE
> Task :shared:spotlessKotlin UP-TO-DATE
> Task :shared:spotlessKotlinApply UP-TO-DATE
> Task :shared:spotlessApply UP-TO-DATE

[Incubating] Problems report is available at: file:///Users/koroku/program/todo_ai/build/reports/problems/problems-report.html

BUILD SUCCESSFUL in 684ms
3 actionable tasks: 3 up-to-date
Configuration cache entry stored.